// Jest Snapshot v1, https://goo.gl/fbAQLP

exports[`Void matches to the snapshot 1`] = `
.c0 {
  box-sizing: border-box;
  width: 1080px;
  margin: 24px auto;
  padding: 12px 18px;
  border-radius: 12px;
  background-color: white;
  box-shadow: 0 0 24px rgba(0,0,0,0.05);
}

<div>
  <main
    class="c0"
  >
    <h1>
      You hit the void!
    </h1>
    <p>
      The page you were looking for was not found
    </p>
  </main>
</div>
`;
