// Jest Snapshot v1, https://goo.gl/fbAQLP

exports[`Banner matches to the snapshot 1`] = `
.c1 {
  display: -webkit-box;
  display: -webkit-flex;
  display: -ms-flexbox;
  display: flex;
  -webkit-align-items: center;
  -webkit-box-align: center;
  -ms-flex-align: center;
  align-items: center;
  -webkit-box-pack: justify;
  -webkit-justify-content: space-between;
  -ms-flex-pack: justify;
  justify-content: space-between;
  width: 1080px;
  margin: auto;
  color: white;
}

.c0 {
  background-color: #ffaa01;
  box-shadow: 0 0 3px rgba(255,170,1,0.84);
}

.c3 {
  display: -webkit-box;
  display: -webkit-flex;
  display: -ms-flexbox;
  display: flex;
  margin: 0;
  padding: 0;
  list-style: none;
}

.c4 {
  display: -webkit-box;
  display: -webkit-flex;
  display: -ms-flexbox;
  display: flex;
  margin: 0 18px;
  font-weight: bold;
}

.c4:last-child {
  margin-right: 0;
}

.c4 > a {
  display: block;
  box-sizing: border-box;
  padding: 12px 0px;
  -webkit-transition: 0.15s ease-out;
  transition: 0.15s ease-out;
  color: rgba(255,255,255,0.6);
}

.c4 > a:hover {
  color: rgba(255,255,255,0.4);
  -webkit-text-decoration: none;
  text-decoration: none;
}

.c4 > a.active {
  color: rgba(255,255,255,1);
}

.c4 > a.active .sc-fzXfLP {
  visibility: display;
}

.c2 {
  margin: 0;
  font-size: 21px;
}

<div>
  <header
    class="c0"
  >
    <div
      class="c1"
    >
      <h1
        class="c2"
      >
        Visible
      </h1>
      <ul
        class="c3"
      >
        <li
          class="c4"
        >
          <a
            aria-current="page"
            class="active"
            href="/"
          >
            Visible
          </a>
        </li>
        <li
          class="c4"
        >
          <a
            href="/home"
          >
            Home
          </a>
        </li>
        <li
          class="c4"
        >
          <a
            href="/notifications"
          >
            Notifications
          </a>
        </li>
      </ul>
    </div>
  </header>
</div>
`;
