// Jest Snapshot v1, https://goo.gl/fbAQLP

exports[`Home matches to the snapshot 1`] = `
.c8 {
  box-sizing: border-box;
  padding: 8px 14px;
  -webkit-transition: 0.15s ease-in;
  transition: 0.15s ease-in;
  border: none;
  border-radius: 4px;
  font-size: 14px;
  cursor: pointer;
  background-color: #ffaa01;
  box-shadow: 0 1.5px 3px rgba(255,170,1,0.2);
  color: white;
}

.c8:hover.c7:not(:disabled) {
  -webkit-transition: 0.15s ease-out;
  transition: 0.15s ease-out;
  opacity: 0.8;
}

.c8:focus {
  -webkit-transition: 0.15s ease-out;
  transition: 0.15s ease-out;
  outline: none;
  box-shadow: 0 0 0 3px rgba(255,170,1,0.4);
}

.c8:active {
  opacity: 1 !important;
}

.c8:disabled {
  opacity: 0.5;
  cursor: not-allowed;
}

.c0 {
  box-sizing: border-box;
  width: 1080px;
  margin: 24px auto;
  padding: 12px 18px;
  border-radius: 12px;
  background-color: white;
  box-shadow: 0 0 24px rgba(0,0,0,0.05);
}

.c6 {
  box-sizing: border-box;
  padding: 8px 14px;
  -webkit-transition: 0.15s ease-in;
  transition: 0.15s ease-in;
  border: 1px solid #e6e6e6;
  border-radius: 4px;
  font-size: 14px;
}

.c6:focus {
  -webkit-transition: 0.15s ease-out;
  transition: 0.15s ease-out;
  border-color: #ffaa01;
  outline: none;
  box-shadow: 0 0 0 3px rgba(255,170,1,0.4);
}

.c6:disabled {
  opacity: 0.5;
  cursor: not-allowed;
}

.c4 {
  display: -webkit-box;
  display: -webkit-flex;
  display: -ms-flexbox;
  display: flex;
}

.c4 .c7 {
  border-top-left-radius: 0;
  border-bottom-left-radius: 0;
}

.c4 .c5 {
  border-right: none;
  border-top-right-radius: 0;
  border-bottom-right-radius: 0;
}

.c1 {
  width: 100%;
  background-image: url();
  background-repeat: no-repeat;
  background-size: cover;
  color: white;
}

.c1 input {
  width: 400px;
}

.c2 {
  width: 400px;
  padding: 68px 40px;
}

.c3 {
  font-size: 28px;
}

.c9 {
  color: #f1f1f1;
  font-size: 12px;
}

<div>
  <main
    class="c0"
    style="padding: 0px; overflow: hidden;"
  >
    <section
      class="c1"
    >
      <div
        class="c2"
      >
        <h2
          class="c3"
        >
          Diagnose your website
        </h2>
        <form
          class="c4"
          role="search"
        >
          <input
            class="c5 c6"
            placeholder="Type URL of the website"
            type="text"
            value=""
          />
          <button
            class="c7 c8"
            type="submit"
          >
            Diagnose
          </button>
        </form>
        <p
          class="c9"
        >
          Type URL of the website to inspect accessibility issues of it
        </p>
        blah blah blah
      </div>
    </section>
  </main>
</div>
`;
