// Jest Snapshot v1, https://goo.gl/fbAQLP

exports[`Code matches snapshot 1`] = `
<pre
  style="display: block; overflow-x: auto; padding: 0.5em; background: rgb(240, 240, 240); color: rgb(68, 68, 68);"
  theme="[object Object]"
>
  <code>
    
    
    <span
      class="hljs-function"
    >
      <span
        style="font-weight: bold;"
      >
        function
      </span>
       
      <span
        style="color: rgb(136, 0, 0); font-weight: bold;"
      >
        main
      </span>
      (
      <span
        class="hljs-params"
      >
        params = {}
      </span>
      ) 
    </span>
    {
      
    <span
      style="font-weight: bold;"
    >
      var
    </span>
     json = 
    <span
      style="color: rgb(57, 115, 0);"
    >
      JSON
    </span>
    .stringify(params);
      
    <span
      style="color: rgb(57, 115, 0);"
    >
      console
    </span>
    .log(json);
    }
    
  </code>
</pre>
`;
