// Jest Snapshot v1, https://goo.gl/fbAQLP

exports[`ContentInfo matches to the snapshot 1`] = `
<div>
  <footer
    class="border-t border-gray-300 bg-gray-200 py-6"
  >
    <div
      class="flex flex-wrap items-start relative w-full mx-auto box-border p-3 md:max-w-screen-md lg:max-w-screen-lg xl:max-w-screen-xl"
    >
      <div
        class="flex flex-col items-center w-full space-y-8"
      >
        <h4
          class="font-bold text-base text-gray-700"
        >
          Sponsored link
        </h4>
        <a
          class="hover:opacity-75 transition-all duration-75"
          href="https://vps.sakura.ad.jp/"
          rel="noreferrer"
          target="_blank"
        >
          <figure
            class="flex items-center space-x-4"
          >
            <img
              alt="さくらのVPSのロゴ"
              src="/static/sakura-no-vps.png"
              width="130px"
            />
            <figcaption
              lang="ja"
            >
              <p
                class="font-bold text-3xl"
              >
                さくらのVPS
              </p>
            </figcaption>
          </figure>
        </a>
        <p
          class="text-base text-gray-700"
        />
      </div>
    </div>
    <hr
      class="block my-8 border bt-2 border-gray-300 w-full"
    />
    <div
      class="flex flex-wrap items-start relative w-full mx-auto box-border p-3 md:max-w-screen-md lg:max-w-screen-lg xl:max-w-screen-xl"
    >
      <div
        class="w-full space-y-8 mx-auto lg:max-w-screen-md"
      >
        <div
          class="flex flex-col md:flex-row md:space-x-24 md:justify-between"
        >
          <img
            alt="Visible"
            src="/static/logo-gray.svg"
            width="100px"
          />
          <div
            class="flex flex-col space-y-2 md:flex-row md:space-x-12 md:space-y-0"
          >
            <div>
              <h4
                class="font-bold text-base text-gray-700 mb-2"
              >
                Contact
              </h4>
              <ul
                class="space-y-1"
              >
                <li>
                  <a
                    class="hover:underline text-gray-600"
                    href="mailto:n33t5hin@gmail.com"
                    rel="noreferrer"
                    target="_blank"
                  >
                    Email
                  </a>
                </li>
                <li>
                  <a
                    class="hover:underline text-gray-600"
                    href="https://twitter.com/visible_hq"
                    rel="noreferrer"
                    target="_blank"
                  >
                    Twitter
                  </a>
                </li>
                <li>
                  <a
                    class="hover:underline text-gray-600"
                    href="https://github.com/visible/visible/issues/new"
                    rel="noreferrer"
                    target="_blank"
                  >
                    Report Bugs
                  </a>
                </li>
              </ul>
            </div>
            <div>
              <h4
                class="font-bold text-base text-gray-700 mb-2"
              >
                Resources
              </h4>
              <ul
                class="space-y-1"
              >
                <li>
                  <a
                    class="hover:underline text-gray-600"
                    href="https://github.com/visible/visible/blob/develop/docs"
                    rel="noreferrer"
                    target="_blank"
                  >
                    Documentation
                  </a>
                </li>
                <li>
                  <a
                    class="hover:underline text-gray-600"
                    href="https://github.com/visible/visible"
                    rel="noreferrer"
                    target="_blank"
                  >
                    GitHub
                  </a>
                </li>
              </ul>
            </div>
            <div>
              <h4
                class="font-bold text-base text-gray-700 mb-2"
              >
                Product
              </h4>
              <ul
                class="space-y-1"
              >
                <li>
                  <a
                    class="hover:underline text-gray-600"
                    href="http://visi.dev"
                    rel="noreferrer"
                    target="_blank"
                  >
                    Get started
                  </a>
                </li>
                <li>
                  <a
                    class="hover:underline text-gray-600"
                    href="http://eepurl.com/he5d7b"
                    rel="noreferrer"
                    target="_blank"
                  >
                    Newsletter
                  </a>
                </li>
                <li>
                  <a
                    class="hover:underline text-gray-600"
                    href="https://github.com/visible/visible/tree/develop/packages/%40visi/web-client/public/static"
                    rel="noreferrer"
                    target="_blank"
                  >
                    Press kit
                  </a>
                </li>
              </ul>
            </div>
          </div>
        </div>
        <div
          class="flex justify-between space-x-24"
        >
          <div>
            <p
              class="text-sm text-gray-700"
            >
              Copyright 2020 Ryō Igarashi
              <br />
              Distributed under GNU Affero General Public License
            </p>
          </div>
          <div>
            <p
              class="text-sm text-gray-700"
            >
              <span>
                Photo by
                 
                <a
                  href="https://unsplash.com/@sctgrhm?utm_source=unsplash&utm_medium=referral&utm_content=creditCopyText"
                >
                  Scott Graham
                </a>
                 
                on
                 
                <a
                  href="https://unsplash.com/?utm_source=unsplash&utm_medium=referral&utm_content=creditCopyText"
                >
                  Unsplash
                </a>
              </span>
            </p>
            <p
              class="text-sm text-gray-700"
            >
              Icons made by
               
              <a
                href="https://www.flaticon.com/authors/freepik"
                title="Freepik"
              >
                Freepik
              </a>
               
              from
               
              <a
                href="https://www.flaticon.com/"
                title="Flaticon"
              >
                 
                www.flaticon.com
              </a>
            </p>
          </div>
        </div>
      </div>
    </div>
  </footer>
</div>
`;
