// Jest Snapshot v1, https://goo.gl/fbAQLP

exports[`Progress matches snapshot 1`] = `
.c0 {
  position: relative;
}

.c2 {
  position: absolute;
  top: 0;
  left: 0;
  height: 8px;
  -webkit-transition: 0.15s ease-in;
  transition: 0.15s ease-in;
  -webkit-animation: jWuBCz 1.5s ease-in infinite;
  animation: jWuBCz 1.5s ease-in infinite;
  border-radius: 99px;
  background-color: #ffaa01;
}

.c1 {
  position: absolute;
  top: 0;
  left: 0;
  width: 100%;
  height: 8px;
  border-radius: 99px;
  background-color: #e6e6e6;
}

<div
  class="c0"
>
  <div
    class="c1"
  />
  <div
    class="c2"
    style="width: 50%;"
  />
</div>
`;
